<html>
<body>
<pre>
<h1>µVision Build Log</h1>
<h2>Project:</h2>
D:\Lpc2378\I2C\MDK-ARM\I2c.uvproj
Project File Date:  11/14/2019

<h2>Output:</h2>
Build target 'LPC2300'
assembling LPC2300.s...
compiling main.c...
compiling I2C.c...
compiling Delay.c...
compiling Serial.c...
linking...
Program Size: Code=4780 RO-data=32 RW-data=28 ZI-data=3772  
FromELF: creating hex file...
".\Obj\I2c.axf" - 0 Error(s), 0 Warning(s).
Build target 'LPC2300'
assembling LPC2300.s...
compiling main.c...
compiling I2C.c...
compiling Delay.c...
compiling Serial.c...
linking...
Program Size: Code=4772 RO-data=32 RW-data=12 ZI-data=3772  
FromELF: creating hex file...
".\Obj\I2c.axf" - 0 Error(s), 0 Warning(s).
Build target 'LPC2300'
assembling LPC2300.s...
compiling main.c...
compiling I2C.c...
compiling Delay.c...
compiling Serial.c...
linking...
Program Size: Code=4772 RO-data=32 RW-data=12 ZI-data=3772  
FromELF: creating hex file...
".\Obj\I2c.axf" - 0 Error(s), 0 Warning(s).
Build target 'LPC2300'
assembling LPC2300.s...
compiling main.c...
compiling I2C.c...
compiling Delay.c...
compiling Serial.c...
linking...
Program Size: Code=4772 RO-data=32 RW-data=12 ZI-data=3772  
FromELF: creating hex file...
".\Obj\I2c.axf" - 0 Error(s), 0 Warning(s).
Build target 'LPC2300'
assembling LPC2300.s...
compiling main.c...
compiling I2C.c...
compiling Delay.c...
compiling Serial.c...
linking...
Program Size: Code=4772 RO-data=32 RW-data=12 ZI-data=3772  
FromELF: creating hex file...
".\Obj\I2c.axf" - 0 Error(s), 0 Warning(s).
Build target 'LPC2300'
assembling LPC2300.s...
compiling main.c...
compiling I2C.c...
compiling Delay.c...
compiling Serial.c...
linking...
Program Size: Code=4784 RO-data=32 RW-data=12 ZI-data=3772  
FromELF: creating hex file...
".\Obj\I2c.axf" - 0 Error(s), 0 Warning(s).
Build target 'LPC2300'
assembling LPC2300.s...
compiling main.c...
compiling I2C.c...
..\User\I2C.c(97): error:  #268: declaration may not appear after executable statement in block
..\User\I2C.c:                          char n=I20DAT;
..\User\I2C.c:                          ^
..\User\I2C.c(83): warning:  #546-D: transfer of control bypasses initialization of:
..\User\I2C.c:             variable "n" (declared at line 97)
..\User\I2C.c:          switch(I20STAT)
..\User\I2C.c:          ^
..\User\I2C.c: ..\User\I2C.c: 1 warning, 1 error
compiling Delay.c...
compiling Serial.c...
Target not created
Build target 'LPC2300'
assembling LPC2300.s...
compiling main.c...
compiling I2C.c...
..\User\I2C.c(97): error:  #268: declaration may not appear after executable statement in block
..\User\I2C.c:                          char n=I20DAT;
..\User\I2C.c:                          ^
..\User\I2C.c(83): warning:  #546-D: transfer of control bypasses initialization of:
..\User\I2C.c:             variable "n" (declared at line 97)
..\User\I2C.c:          switch(I20STAT)
..\User\I2C.c:          ^
..\User\I2C.c: ..\User\I2C.c: 1 warning, 1 error
compiling Delay.c...
compiling Serial.c...
Target not created
Build target 'LPC2300'
assembling LPC2300.s...
compiling main.c...
compiling I2C.c...
..\User\I2C.c(97): error:  #268: declaration may not appear after executable statement in block
..\User\I2C.c:                          char n=I20DAT;
..\User\I2C.c:                          ^
..\User\I2C.c(83): warning:  #546-D: transfer of control bypasses initialization of:
..\User\I2C.c:             variable "n" (declared at line 97)
..\User\I2C.c:          switch(I20STAT)
..\User\I2C.c:          ^
..\User\I2C.c: ..\User\I2C.c: 1 warning, 1 error
compiling Delay.c...
compiling Serial.c...
Target not created
Build target 'LPC2300'
assembling LPC2300.s...
compiling main.c...
compiling I2C.c...
..\User\I2C.c(97): error:  #268: declaration may not appear after executable statement in block
..\User\I2C.c:                          char ddd=I20DAT;
..\User\I2C.c:                          ^
..\User\I2C.c(83): warning:  #546-D: transfer of control bypasses initialization of:
..\User\I2C.c:             variable "ddd" (declared at line 97)
..\User\I2C.c:          switch(I20STAT)
..\User\I2C.c:          ^
..\User\I2C.c: ..\User\I2C.c: 1 warning, 1 error
compiling Delay.c...
compiling Serial.c...
Target not created
Build target 'LPC2300'
assembling LPC2300.s...
compiling main.c...
compiling I2C.c...
compiling Delay.c...
compiling Serial.c...
linking...
Program Size: Code=4804 RO-data=32 RW-data=16 ZI-data=3768  
FromELF: creating hex file...
".\Obj\I2c.axf" - 0 Error(s), 0 Warning(s).
Build target 'LPC2300'
assembling LPC2300.s...
compiling main.c...
compiling I2C.c...
compiling Delay.c...
compiling Serial.c...
linking...
Program Size: Code=4864 RO-data=32 RW-data=16 ZI-data=3768  
FromELF: creating hex file...
".\Obj\I2c.axf" - 0 Error(s), 0 Warning(s).
Build target 'LPC2300'
assembling LPC2300.s...
compiling main.c...
compiling I2C.c...
..\User\I2C.c(103): error:  #20: identifier "I2C0CONCLR" is undefined
..\User\I2C.c:                          I2C0CONCLR=0x08;
..\User\I2C.c:                          ^
..\User\I2C.c: ..\User\I2C.c: 0 warnings, 1 error
compiling Delay.c...
compiling Serial.c...
Target not created
Build target 'LPC2300'
assembling LPC2300.s...
compiling main.c...
compiling I2C.c...
compiling Delay.c...
compiling Serial.c...
linking...
Program Size: Code=4876 RO-data=32 RW-data=16 ZI-data=3768  
FromELF: creating hex file...
".\Obj\I2c.axf" - 0 Error(s), 0 Warning(s).
Build target 'LPC2300'
assembling LPC2300.s...
compiling main.c...
compiling I2C.c...
compiling Delay.c...
compiling Serial.c...
linking...
Program Size: Code=4876 RO-data=32 RW-data=16 ZI-data=3768  
FromELF: creating hex file...
".\Obj\I2c.axf" - 0 Error(s), 0 Warning(s).
Build target 'LPC2300'
assembling LPC2300.s...
compiling main.c...
compiling I2C.c...
compiling Delay.c...
compiling Serial.c...
linking...
Program Size: Code=4884 RO-data=32 RW-data=16 ZI-data=3768  
FromELF: creating hex file...
".\Obj\I2c.axf" - 0 Error(s), 0 Warning(s).
Build target 'LPC2300'
assembling LPC2300.s...
compiling main.c...
compiling I2C.c...
compiling Delay.c...
compiling Serial.c...
linking...
Program Size: Code=4904 RO-data=32 RW-data=16 ZI-data=3768  
FromELF: creating hex file...
".\Obj\I2c.axf" - 0 Error(s), 0 Warning(s).
Build target 'LPC2300'
assembling LPC2300.s...
compiling main.c...
compiling I2C.c...
compiling Delay.c...
compiling Serial.c...
linking...
Program Size: Code=4904 RO-data=32 RW-data=16 ZI-data=3768  
FromELF: creating hex file...
".\Obj\I2c.axf" - 0 Error(s), 0 Warning(s).
Build target 'LPC2300'
assembling LPC2300.s...
compiling main.c...
compiling I2C.c...
compiling Delay.c...
compiling Serial.c...
linking...
Program Size: Code=4924 RO-data=32 RW-data=32 ZI-data=3768  
FromELF: creating hex file...
".\Obj\I2c.axf" - 0 Error(s), 0 Warning(s).
Build target 'LPC2300'
assembling LPC2300.s...
compiling main.c...
compiling I2C.c...
compiling Delay.c...
compiling Serial.c...
linking...
Program Size: Code=4924 RO-data=32 RW-data=32 ZI-data=3768  
FromELF: creating hex file...
".\Obj\I2c.axf" - 0 Error(s), 0 Warning(s).
Build target 'LPC2300'
assembling LPC2300.s...
compiling main.c...
compiling I2C.c...
compiling Delay.c...
compiling Serial.c...
linking...
Program Size: Code=4924 RO-data=32 RW-data=32 ZI-data=3768  
FromELF: creating hex file...
".\Obj\I2c.axf" - 0 Error(s), 0 Warning(s).
Build target 'LPC2300'
assembling LPC2300.s...
compiling main.c...
compiling I2C.c...
compiling Delay.c...
compiling Serial.c...
linking...
Program Size: Code=4924 RO-data=32 RW-data=32 ZI-data=3768  
FromELF: creating hex file...
".\Obj\I2c.axf" - 0 Error(s), 0 Warning(s).
Build target 'LPC2300'
assembling LPC2300.s...
compiling main.c...
compiling I2C.c...
compiling Delay.c...
compiling Serial.c...
linking...
Program Size: Code=4932 RO-data=32 RW-data=32 ZI-data=3768  
FromELF: creating hex file...
".\Obj\I2c.axf" - 0 Error(s), 0 Warning(s).
Build target 'LPC2300'
assembling LPC2300.s...
compiling main.c...
compiling I2C.c...
compiling Delay.c...
compiling Serial.c...
linking...
Program Size: Code=4916 RO-data=32 RW-data=32 ZI-data=3768  
FromELF: creating hex file...
".\Obj\I2c.axf" - 0 Error(s), 0 Warning(s).
Build target 'LPC2300'
assembling LPC2300.s...
compiling main.c...
compiling I2C.c...
compiling Delay.c...
compiling Serial.c...
linking...
Program Size: Code=4916 RO-data=32 RW-data=32 ZI-data=3768  
FromELF: creating hex file...
".\Obj\I2c.axf" - 0 Error(s), 0 Warning(s).
Build target 'LPC2300'
assembling LPC2300.s...
compiling main.c...
compiling I2C.c...
compiling Delay.c...
compiling Serial.c...
linking...
Program Size: Code=4932 RO-data=32 RW-data=32 ZI-data=3768  
FromELF: creating hex file...
".\Obj\I2c.axf" - 0 Error(s), 0 Warning(s).
Build target 'LPC2300'
assembling LPC2300.s...
compiling main.c...
compiling I2C.c...
compiling Delay.c...
compiling Serial.c...
linking...
Program Size: Code=4932 RO-data=32 RW-data=32 ZI-data=3768  
FromELF: creating hex file...
".\Obj\I2c.axf" - 0 Error(s), 0 Warning(s).
Build target 'LPC2300'
assembling LPC2300.s...
compiling main.c...
compiling I2C.c...
compiling Delay.c...
compiling Serial.c...
linking...
Program Size: Code=4932 RO-data=32 RW-data=32 ZI-data=3768  
FromELF: creating hex file...
".\Obj\I2c.axf" - 0 Error(s), 0 Warning(s).
Build target 'LPC2300'
assembling LPC2300.s...
compiling main.c...
compiling I2C.c...
compiling Delay.c...
compiling Serial.c...
linking...
Program Size: Code=4940 RO-data=32 RW-data=32 ZI-data=3768  
FromELF: creating hex file...
".\Obj\I2c.axf" - 0 Error(s), 0 Warning(s).
Build target 'LPC2300'
assembling LPC2300.s...
compiling main.c...
compiling I2C.c...
compiling Delay.c...
compiling Serial.c...
linking...
Program Size: Code=4948 RO-data=32 RW-data=32 ZI-data=3768  
FromELF: creating hex file...
".\Obj\I2c.axf" - 0 Error(s), 0 Warning(s).
Build target 'LPC2300'
assembling LPC2300.s...
compiling main.c...
compiling I2C.c...
compiling Delay.c...
compiling Serial.c...
linking...
Program Size: Code=4948 RO-data=32 RW-data=32 ZI-data=3768  
FromELF: creating hex file...
".\Obj\I2c.axf" - 0 Error(s), 0 Warning(s).
Build target 'LPC2300'
assembling LPC2300.s...
compiling main.c...
compiling I2C.c...
compiling Delay.c...
compiling Serial.c...
linking...
Program Size: Code=4948 RO-data=32 RW-data=32 ZI-data=3768  
FromELF: creating hex file...
".\Obj\I2c.axf" - 0 Error(s), 0 Warning(s).
Build target 'LPC2300'
assembling LPC2300.s...
compiling main.c...
compiling I2C.c...
compiling Delay.c...
compiling Serial.c...
linking...
Program Size: Code=4948 RO-data=32 RW-data=32 ZI-data=3768  
FromELF: creating hex file...
".\Obj\I2c.axf" - 0 Error(s), 0 Warning(s).
Build target 'LPC2300'
assembling LPC2300.s...
compiling main.c...
compiling I2C.c...
..\User\I2C.c(84): error:  #268: declaration may not appear after executable statement in block
..\User\I2C.c:          char *read="";
..\User\I2C.c:          ^
..\User\I2C.c(84): warning:  #177-D: variable "read" was declared but never referenced
..\User\I2C.c:          char *read="";
..\User\I2C.c:                ^
..\User\I2C.c: ..\User\I2C.c: 1 warning, 1 error
compiling Delay.c...
compiling Serial.c...
Target not created
Build target 'LPC2300'
assembling LPC2300.s...
compiling main.c...
compiling I2C.c...
compiling Delay.c...
compiling Serial.c...
linking...
Program Size: Code=4968 RO-data=36 RW-data=36 ZI-data=3772  
FromELF: creating hex file...
".\Obj\I2c.axf" - 0 Error(s), 0 Warning(s).
Build target 'LPC2300'
assembling LPC2300.s...
compiling main.c...
compiling I2C.c...
compiling Delay.c...
compiling Serial.c...
linking...
Program Size: Code=4996 RO-data=36 RW-data=36 ZI-data=3772  
FromELF: creating hex file...
".\Obj\I2c.axf" - 0 Error(s), 0 Warning(s).
Build target 'LPC2300'
assembling LPC2300.s...
compiling main.c...
compiling I2C.c...
..\User\I2C.c(106): error:  #29: expected an expression
..\User\I2C.c:                          if(){
..\User\I2C.c:                             ^
..\User\I2C.c: ..\User\I2C.c: 0 warnings, 1 error
compiling Delay.c...
compiling Serial.c...
Target not created
Build target 'LPC2300'
assembling LPC2300.s...
compiling main.c...
compiling I2C.c...
compiling Delay.c...
compiling Serial.c...
linking...
Program Size: Code=5032 RO-data=36 RW-data=36 ZI-data=3772  
FromELF: creating hex file...
".\Obj\I2c.axf" - 0 Error(s), 0 Warning(s).
Build target 'LPC2300'
assembling LPC2300.s...
compiling main.c...
compiling I2C.c...
compiling Delay.c...
compiling Serial.c...
linking...
Program Size: Code=5052 RO-data=36 RW-data=36 ZI-data=3772  
FromELF: creating hex file...
".\Obj\I2c.axf" - 0 Error(s), 0 Warning(s).
Build target 'LPC2300'
assembling LPC2300.s...
compiling main.c...
compiling I2C.c...
compiling Delay.c...
compiling Serial.c...
linking...
Program Size: Code=5052 RO-data=36 RW-data=36 ZI-data=3772  
FromELF: creating hex file...
".\Obj\I2c.axf" - 0 Error(s), 0 Warning(s).
Build target 'LPC2300'
assembling LPC2300.s...
compiling main.c...
compiling I2C.c...
compiling Delay.c...
compiling Serial.c...
linking...
Program Size: Code=5052 RO-data=36 RW-data=36 ZI-data=3772  
FromELF: creating hex file...
".\Obj\I2c.axf" - 0 Error(s), 0 Warning(s).
Build target 'LPC2300'
assembling LPC2300.s...
compiling main.c...
compiling I2C.c...
compiling Delay.c...
compiling Serial.c...
linking...
Program Size: Code=5052 RO-data=36 RW-data=36 ZI-data=3772  
FromELF: creating hex file...
".\Obj\I2c.axf" - 0 Error(s), 0 Warning(s).
Build target 'LPC2300'
assembling LPC2300.s...
compiling main.c...
compiling I2C.c...
compiling Delay.c...
compiling Serial.c...
linking...
Program Size: Code=5012 RO-data=36 RW-data=36 ZI-data=3772  
FromELF: creating hex file...
".\Obj\I2c.axf" - 0 Error(s), 0 Warning(s).
Build target 'LPC2300'
assembling LPC2300.s...
compiling main.c...
compiling I2C.c...
compiling Delay.c...
compiling Serial.c...
linking...
Program Size: Code=5012 RO-data=36 RW-data=36 ZI-data=3772  
FromELF: creating hex file...
".\Obj\I2c.axf" - 0 Error(s), 0 Warning(s).
Build target 'LPC2300'
assembling LPC2300.s...
compiling main.c...
compiling I2C.c...
compiling Delay.c...
compiling Serial.c...
linking...
Program Size: Code=5004 RO-data=36 RW-data=36 ZI-data=3772  
FromELF: creating hex file...
".\Obj\I2c.axf" - 0 Error(s), 0 Warning(s).
Build target 'LPC2300'
assembling LPC2300.s...
compiling main.c...
compiling I2C.c...
compiling Delay.c...
compiling Serial.c...
linking...
Program Size: Code=5004 RO-data=36 RW-data=36 ZI-data=3772  
FromELF: creating hex file...
".\Obj\I2c.axf" - 0 Error(s), 0 Warning(s).
Build target 'LPC2300'
assembling LPC2300.s...
compiling main.c...
compiling I2C.c...
compiling Delay.c...
compiling Serial.c...
linking...
Program Size: Code=5012 RO-data=36 RW-data=36 ZI-data=3772  
FromELF: creating hex file...
".\Obj\I2c.axf" - 0 Error(s), 0 Warning(s).
Build target 'LPC2300'
assembling LPC2300.s...
compiling main.c...
compiling I2C.c...
compiling Delay.c...
compiling Serial.c...
compiling GPIO.c...
linking...
Program Size: Code=5012 RO-data=36 RW-data=36 ZI-data=3772  
FromELF: creating hex file...
".\Obj\I2c.axf" - 0 Error(s), 0 Warning(s).
Build target 'LPC2300'
assembling LPC2300.s...
compiling main.c...
compiling I2C.c...
compiling Delay.c...
compiling Serial.c...
compiling GPIO.c...
linking...
Program Size: Code=5040 RO-data=36 RW-data=36 ZI-data=3772  
FromELF: creating hex file...
".\Obj\I2c.axf" - 0 Error(s), 0 Warning(s).
Build target 'LPC2300'
assembling LPC2300.s...
compiling main.c...
compiling I2C.c...
compiling Delay.c...
compiling Serial.c...
compiling GPIO.c...
linking...
Program Size: Code=5040 RO-data=36 RW-data=36 ZI-data=3772  
FromELF: creating hex file...
".\Obj\I2c.axf" - 0 Error(s), 0 Warning(s).
Build target 'LPC2300'
assembling LPC2300.s...
compiling main.c...
compiling I2C.c...
compiling Delay.c...
compiling Serial.c...
compiling GPIO.c...
linking...
Program Size: Code=5012 RO-data=36 RW-data=36 ZI-data=3772  
FromELF: creating hex file...
".\Obj\I2c.axf" - 0 Error(s), 0 Warning(s).
Build target 'LPC2300'
assembling LPC2300.s...
compiling main.c...
compiling I2C.c...
compiling Delay.c...
compiling Serial.c...
compiling GPIO.c...
linking...
Program Size: Code=5004 RO-data=36 RW-data=36 ZI-data=3772  
FromELF: creating hex file...
".\Obj\I2c.axf" - 0 Error(s), 0 Warning(s).
Build target 'LPC2300'
assembling LPC2300.s...
compiling main.c...
compiling I2C.c...
compiling Delay.c...
compiling Serial.c...
compiling GPIO.c...
linking...
Program Size: Code=5028 RO-data=36 RW-data=36 ZI-data=3772  
FromELF: creating hex file...
".\Obj\I2c.axf" - 0 Error(s), 0 Warning(s).
Build target 'LPC2300'
assembling LPC2300.s...
compiling main.c...
compiling I2C.c...
compiling Delay.c...
compiling Serial.c...
compiling GPIO.c...
linking...
Program Size: Code=5052 RO-data=36 RW-data=36 ZI-data=3772  
FromELF: creating hex file...
".\Obj\I2c.axf" - 0 Error(s), 0 Warning(s).
Build target 'LPC2300'
assembling LPC2300.s...
compiling main.c...
compiling I2C.c...
compiling Delay.c...
compiling Serial.c...
compiling GPIO.c...
linking...
Program Size: Code=5052 RO-data=36 RW-data=36 ZI-data=3772  
FromELF: creating hex file...
".\Obj\I2c.axf" - 0 Error(s), 0 Warning(s).
Build target 'LPC2300'
assembling LPC2300.s...
compiling main.c...
compiling I2C.c...
compiling Delay.c...
compiling Serial.c...
compiling GPIO.c...
linking...
Program Size: Code=5060 RO-data=36 RW-data=36 ZI-data=3772  
FromELF: creating hex file...
".\Obj\I2c.axf" - 0 Error(s), 0 Warning(s).
Build target 'LPC2300'
assembling LPC2300.s...
compiling main.c...
compiling I2C.c...
compiling Delay.c...
compiling Serial.c...
compiling GPIO.c...
linking...
Program Size: Code=4844 RO-data=36 RW-data=36 ZI-data=3772  
FromELF: creating hex file...
".\Obj\I2c.axf" - 0 Error(s), 0 Warning(s).
Build target 'LPC2300'
compiling main.c...
compiling I2C.c...
..\User\I2C.c(124): warning:  #940-D: missing return statement at end of non-void function "I2cRead"
..\User\I2C.c:    }
..\User\I2C.c:    ^
..\User\I2C.c: ..\User\I2C.c: 1 warning, 0 errors
linking...
Program Size: Code=4844 RO-data=36 RW-data=36 ZI-data=3772  
FromELF: creating hex file...
".\Obj\I2c.axf" - 0 Error(s), 1 Warning(s).
Build target 'LPC2300'
assembling LPC2300.s...
compiling main.c...
compiling I2C.c...
..\User\I2C.c(124): warning:  #940-D: missing return statement at end of non-void function "I2cRead"
..\User\I2C.c:    }
..\User\I2C.c:    ^
..\User\I2C.c: ..\User\I2C.c: 1 warning, 0 errors
compiling Delay.c...
compiling Serial.c...
compiling GPIO.c...
linking...
Program Size: Code=4844 RO-data=36 RW-data=36 ZI-data=3772  
FromELF: creating hex file...
".\Obj\I2c.axf" - 0 Error(s), 1 Warning(s).
Build target 'LPC2300'
assembling LPC2300.s...
compiling main.c...
compiling I2C.c...
compiling Delay.c...
compiling Serial.c...
compiling GPIO.c...
linking...
Program Size: Code=4852 RO-data=36 RW-data=36 ZI-data=3772  
FromELF: creating hex file...
".\Obj\I2c.axf" - 0 Error(s), 0 Warning(s).
Build target 'LPC2300'
assembling LPC2300.s...
compiling main.c...
compiling I2C.c...
compiling Delay.c...
compiling Serial.c...
compiling GPIO.c...
linking...
Program Size: Code=4868 RO-data=36 RW-data=36 ZI-data=3772  
FromELF: creating hex file...
".\Obj\I2c.axf" - 0 Error(s), 0 Warning(s).
Build target 'LPC2300'
assembling LPC2300.s...
compiling main.c...
compiling I2C.c...
compiling Delay.c...
compiling Serial.c...
compiling GPIO.c...
linking...
Program Size: Code=4864 RO-data=36 RW-data=36 ZI-data=3772  
FromELF: creating hex file...
".\Obj\I2c.axf" - 0 Error(s), 0 Warning(s).
Build target 'LPC2300'
assembling LPC2300.s...
compiling main.c...
compiling I2C.c...
..\User\I2C.c(76): error:  #137: expression must be a modifiable lvalue
..\User\I2C.c:          read="";
..\User\I2C.c:          ^
..\User\I2C.c: ..\User\I2C.c: 0 warnings, 1 error
compiling Delay.c...
compiling Serial.c...
compiling GPIO.c...
Target not created
Build target 'LPC2300'
assembling LPC2300.s...
compiling main.c...
compiling I2C.c...
compiling Delay.c...
compiling Serial.c...
compiling GPIO.c...
linking...
Program Size: Code=4920 RO-data=32 RW-data=32 ZI-data=3872  
FromELF: creating hex file...
".\Obj\I2c.axf" - 0 Error(s), 0 Warning(s).
Build target 'LPC2300'
assembling LPC2300.s...
compiling main.c...
compiling I2C.c...
compiling Delay.c...
compiling Serial.c...
compiling GPIO.c...
linking...
Program Size: Code=4928 RO-data=32 RW-data=32 ZI-data=3872  
FromELF: creating hex file...
".\Obj\I2c.axf" - 0 Error(s), 0 Warning(s).
Build target 'LPC2300'
assembling LPC2300.s...
compiling main.c...
compiling I2C.c...
compiling Delay.c...
compiling Serial.c...
compiling GPIO.c...
linking...
Program Size: Code=4920 RO-data=32 RW-data=32 ZI-data=3872  
FromELF: creating hex file...
".\Obj\I2c.axf" - 0 Error(s), 0 Warning(s).
Build target 'LPC2300'
assembling LPC2300.s...
compiling main.c...
compiling I2C.c...
compiling Delay.c...
compiling Serial.c...
compiling GPIO.c...
linking...
Program Size: Code=4916 RO-data=32 RW-data=32 ZI-data=3872  
FromELF: creating hex file...
".\Obj\I2c.axf" - 0 Error(s), 0 Warning(s).
Build target 'LPC2300'
assembling LPC2300.s...
compiling main.c...
compiling I2C.c...
compiling Delay.c...
compiling Serial.c...
compiling GPIO.c...
linking...
Program Size: Code=4832 RO-data=32 RW-data=32 ZI-data=3872  
FromELF: creating hex file...
".\Obj\I2c.axf" - 0 Error(s), 0 Warning(s).
Build target 'LPC2300'
assembling LPC2300.s...
compiling main.c...
compiling I2C.c...
compiling Delay.c...
compiling Serial.c...
compiling GPIO.c...
linking...
Program Size: Code=4832 RO-data=32 RW-data=32 ZI-data=3872  
FromELF: creating hex file...
".\Obj\I2c.axf" - 0 Error(s), 0 Warning(s).
Build target 'LPC2300'
assembling LPC2300.s...
compiling main.c...
compiling I2C.c...
compiling Delay.c...
compiling Serial.c...
compiling GPIO.c...
compiling EEPROM.c...
..\User\EEPROM.c(3): error:  #147: declaration is incompatible with "void WriteEEPROM(char, char *, char)" (declared at line 3 of "..\User\EEPROM.h")
..\User\EEPROM.c:   WriteEEPROM (char add_slave ,char *add,char Data){
..\User\EEPROM.c:   ^
..\User\EEPROM.c(6): warning:  #1-D: last line of file ends without a newline
..\User\EEPROM.c:   }
..\User\EEPROM.c:    ^
..\User\EEPROM.c: ..\User\EEPROM.c: 1 warning, 1 error
Target not created
Build target 'LPC2300'
assembling LPC2300.s...
compiling main.c...
compiling I2C.c...
compiling Delay.c...
compiling Serial.c...
compiling GPIO.c...
compiling EEPROM.c...
..\User\EEPROM.c(6): warning:  #1-D: last line of file ends without a newline
..\User\EEPROM.c:   }
..\User\EEPROM.c:    ^
..\User\EEPROM.c: ..\User\EEPROM.c: 1 warning, 0 errors
linking...
Program Size: Code=4832 RO-data=32 RW-data=32 ZI-data=3872  
FromELF: creating hex file...
".\Obj\I2c.axf" - 0 Error(s), 1 Warning(s).
Build target 'LPC2300'
assembling LPC2300.s...
compiling main.c...
compiling I2C.c...
compiling Delay.c...
compiling Serial.c...
compiling GPIO.c...
compiling EEPROM.c...
linking...
Program Size: Code=4832 RO-data=32 RW-data=32 ZI-data=3872  
FromELF: creating hex file...
".\Obj\I2c.axf" - 0 Error(s), 0 Warning(s).
Build target 'LPC2300'
assembling LPC2300.s...
compiling main.c...
compiling I2C.c...
compiling Delay.c...
compiling Serial.c...
compiling GPIO.c...
compiling EEPROM.c...
linking...
Program Size: Code=4832 RO-data=32 RW-data=32 ZI-data=3872  
FromELF: creating hex file...
".\Obj\I2c.axf" - 0 Error(s), 0 Warning(s).
Build target 'LPC2300'
assembling LPC2300.s...
compiling main.c...
compiling I2C.c...
compiling Delay.c...
compiling Serial.c...
compiling GPIO.c...
compiling EEPROM.c...
..\User\EEPROM.c(10): error:  #20: identifier "i" is undefined
..\User\EEPROM.c:       for(index=0;i<  
..\User\EEPROM.c:                   ^
..\User\EEPROM.c(11): error:  #29: expected an expression
..\User\EEPROM.c:     I2cWrite(sizeof(Data),char Add,char  Data[100])
..\User\EEPROM.c:                           ^
..\User\EEPROM.c(11): error:  #29: expected an expression
..\User\EEPROM.c:     I2cWrite(sizeof(Data),char Add,char  Data[100])
..\User\EEPROM.c:                                    ^
..\User\EEPROM.c(13): error:  #65: expected a ";"
..\User\EEPROM.c:   }
..\User\EEPROM.c:   ^
..\User\EEPROM.c(13): error:  #29: expected an expression
..\User\EEPROM.c:   }
..\User\EEPROM.c:   ^
..\User\EEPROM.c(13): error:  #18: expected a ")"
..\User\EEPROM.c:   }
..\User\EEPROM.c:   ^
..\User\EEPROM.c(13): error:  #127: expected a statement
..\User\EEPROM.c:   }
..\User\EEPROM.c:   ^
..\User\EEPROM.c(7): warning:  #550-D: variable "ee" was set but never used
..\User\EEPROM.c:       char ee[100];
..\User\EEPROM.c:            ^
..\User\EEPROM.c: ..\User\EEPROM.c: 1 warning, 7 errors
Target not created
Build target 'LPC2300'
assembling LPC2300.s...
compiling main.c...
compiling I2C.c...
compiling Delay.c...
compiling Serial.c...
compiling GPIO.c...
compiling EEPROM.c...
..\User\EEPROM.c(11): error:  #142: expression must have pointer-to-object type
..\User\EEPROM.c:               ee[index+2]=Data[index];
..\User\EEPROM.c:                                ^
..\User\EEPROM.c: ..\User\EEPROM.c: 0 warnings, 1 error
Target not created
Build target 'LPC2300'
assembling LPC2300.s...
compiling main.c...
compiling I2C.c...
compiling Delay.c...
compiling Serial.c...
compiling GPIO.c...
compiling EEPROM.c...
..\User\EEPROM.c(11): error:  #142: expression must have pointer-to-object type
..\User\EEPROM.c:               ee[index]=Data[index];
..\User\EEPROM.c:                              ^
..\User\EEPROM.c: ..\User\EEPROM.c: 0 warnings, 1 error
Target not created
Build target 'LPC2300'
assembling LPC2300.s...
compiling main.c...
compiling I2C.c...
compiling Delay.c...
compiling Serial.c...
compiling GPIO.c...
compiling EEPROM.c...
linking...
.\Obj\I2c.axf: Error: L6200E: Symbol index multiply defined (by eeprom.o and i2c.o).
.\Obj\I2c.axf: Not enough information to list image symbols.
.\Obj\I2c.axf: Not enough information to list the image map.
.\Obj\I2c.axf: Finished: 2 information, 0 warning and 1 error messages.
Target not created
Build target 'LPC2300'
assembling LPC2300.s...
compiling main.c...
compiling I2C.c...
compiling Delay.c...
compiling Serial.c...
compiling GPIO.c...
compiling EEPROM.c...
linking...
Program Size: Code=4832 RO-data=32 RW-data=32 ZI-data=3872  
FromELF: creating hex file...
".\Obj\I2c.axf" - 0 Error(s), 0 Warning(s).
Build target 'LPC2300'
assembling LPC2300.s...
compiling main.c...
compiling I2C.c...
compiling Delay.c...
compiling Serial.c...
compiling GPIO.c...
compiling EEPROM.c...
..\User\EEPROM.c(6): error:  #147-D: declaration is incompatible with "void WriteEEPROM(char, char *, char)" (declared at line 3 of "..\User\EEPROM.h")
..\User\EEPROM.c:   void WriteEEPROM (char add_slave ,char *add,char *Data){
..\User\EEPROM.c:        ^
..\User\EEPROM.c: ..\User\EEPROM.c: 0 warnings, 1 error
Target not created
Build target 'LPC2300'
assembling LPC2300.s...
compiling main.c...
compiling I2C.c...
compiling Delay.c...
compiling Serial.c...
compiling GPIO.c...
compiling EEPROM.c...
linking...
Program Size: Code=4832 RO-data=32 RW-data=32 ZI-data=3872  
FromELF: creating hex file...
".\Obj\I2c.axf" - 0 Error(s), 0 Warning(s).
Build target 'LPC2300'
assembling LPC2300.s...
compiling main.c...
..\User\main.c(24): warning:  #223-D: function "WriteEEPROM" declared implicitly
..\User\main.c:         WriteEEPROM (0xA0 ,add1,arry3);
..\User\main.c:         ^
..\User\main.c: ..\User\main.c: 1 warning, 0 errors
compiling I2C.c...
compiling Delay.c...
compiling Serial.c...
compiling GPIO.c...
compiling EEPROM.c...
linking...
Program Size: Code=5016 RO-data=32 RW-data=52 ZI-data=3868  
FromELF: creating hex file...
".\Obj\I2c.axf" - 0 Error(s), 1 Warning(s).
Build target 'LPC2300'
assembling LPC2300.s...
compiling main.c...
..\User\main.c(24): warning:  #223-D: function "WriteEEPROM" declared implicitly
..\User\main.c:         WriteEEPROM (0xA0 ,add1,arry3);
..\User\main.c:         ^
..\User\main.c: ..\User\main.c: 1 warning, 0 errors
compiling I2C.c...
compiling Delay.c...
compiling Serial.c...
compiling GPIO.c...
compiling EEPROM.c...
linking...
Program Size: Code=4992 RO-data=32 RW-data=52 ZI-data=3868  
FromELF: creating hex file...
".\Obj\I2c.axf" - 0 Error(s), 1 Warning(s).
Build target 'LPC2300'
assembling LPC2300.s...
compiling main.c...
..\User\main.c(24): warning:  #223-D: function "WriteEEPROM" declared implicitly
..\User\main.c:         WriteEEPROM (0xA0 ,add1,arry3);
..\User\main.c:         ^
..\User\main.c: ..\User\main.c: 1 warning, 0 errors
compiling I2C.c...
compiling Delay.c...
compiling Serial.c...
compiling GPIO.c...
compiling EEPROM.c...
linking...
Program Size: Code=4992 RO-data=32 RW-data=52 ZI-data=3868  
FromELF: creating hex file...
".\Obj\I2c.axf" - 0 Error(s), 1 Warning(s).
Build target 'LPC2300'
assembling LPC2300.s...
compiling main.c...
compiling I2C.c...
compiling Delay.c...
compiling Serial.c...
compiling GPIO.c...
compiling EEPROM.c...
linking...
Program Size: Code=4992 RO-data=32 RW-data=52 ZI-data=3868  
FromELF: creating hex file...
".\Obj\I2c.axf" - 0 Error(s), 0 Warning(s).
Build target 'LPC2300'
assembling LPC2300.s...
compiling main.c...
compiling I2C.c...
compiling Delay.c...
compiling Serial.c...
compiling GPIO.c...
compiling EEPROM.c...
linking...
Program Size: Code=4992 RO-data=32 RW-data=52 ZI-data=3868  
FromELF: creating hex file...
".\Obj\I2c.axf" - 0 Error(s), 0 Warning(s).
Build target 'LPC2300'
assembling LPC2300.s...
compiling main.c...
compiling I2C.c...
compiling Delay.c...
compiling Serial.c...
compiling GPIO.c...
compiling EEPROM.c...
linking...
Program Size: Code=4992 RO-data=32 RW-data=52 ZI-data=3868  
FromELF: creating hex file...
".\Obj\I2c.axf" - 0 Error(s), 0 Warning(s).
Build target 'LPC2300'
assembling LPC2300.s...
compiling main.c...
compiling I2C.c...
compiling Delay.c...
compiling Serial.c...
compiling GPIO.c...
compiling EEPROM.c...
linking...
Program Size: Code=5008 RO-data=32 RW-data=52 ZI-data=3868  
FromELF: creating hex file...
".\Obj\I2c.axf" - 0 Error(s), 0 Warning(s).
Build target 'LPC2300'
assembling LPC2300.s...
compiling main.c...
compiling I2C.c...
compiling Delay.c...
compiling Serial.c...
compiling GPIO.c...
compiling EEPROM.c...
linking...
Program Size: Code=5008 RO-data=32 RW-data=52 ZI-data=3868  
FromELF: creating hex file...
".\Obj\I2c.axf" - 0 Error(s), 0 Warning(s).
Build target 'LPC2300'
assembling LPC2300.s...
compiling main.c...
compiling I2C.c...
compiling Delay.c...
compiling Serial.c...
compiling GPIO.c...
compiling EEPROM.c...
..\User\EEPROM.c(10): warning:  #187-D: use of "=" where "==" may have been intended
..\User\EEPROM.c:       for(eepindex=0;Data[eepindex]='\0';eepindex++)
..\User\EEPROM.c:                      ^
..\User\EEPROM.c: ..\User\EEPROM.c: 1 warning, 0 errors
linking...
Program Size: Code=5016 RO-data=32 RW-data=52 ZI-data=3868  
FromELF: creating hex file...
".\Obj\I2c.axf" - 0 Error(s), 1 Warning(s).
Build target 'LPC2300'
assembling LPC2300.s...
compiling main.c...
compiling I2C.c...
compiling Delay.c...
compiling Serial.c...
compiling GPIO.c...
compiling EEPROM.c...
linking...
Program Size: Code=5012 RO-data=32 RW-data=52 ZI-data=3868  
FromELF: creating hex file...
".\Obj\I2c.axf" - 0 Error(s), 0 Warning(s).
Build target 'LPC2300'
assembling LPC2300.s...
compiling main.c...
compiling I2C.c...
compiling Delay.c...
compiling Serial.c...
compiling GPIO.c...
compiling EEPROM.c...
..\User\EEPROM.c(12): error:  #166: invalid floating constant
..\User\EEPROM.c:     I2cWrite(1eepindex+2,add_slave,ee);
..\User\EEPROM.c:                ^
..\User\EEPROM.c(12): error:  #165: too few arguments in function call
..\User\EEPROM.c:     I2cWrite(1eepindex+2,add_slave,ee);
..\User\EEPROM.c:                ^
..\User\EEPROM.c(12): error:  #18: expected a ")"
..\User\EEPROM.c:     I2cWrite(1eepindex+2,add_slave,ee);
..\User\EEPROM.c:                ^
..\User\EEPROM.c(7): warning:  #550-D: variable "ee" was set but never used
..\User\EEPROM.c:       char ee[100];
..\User\EEPROM.c:            ^
..\User\EEPROM.c: ..\User\EEPROM.c: 1 warning, 3 errors
Target not created
Build target 'LPC2300'
assembling LPC2300.s...
compiling main.c...
compiling I2C.c...
compiling Delay.c...
compiling Serial.c...
compiling GPIO.c...
compiling EEPROM.c...
..\User\EEPROM.c(12): error:  #20: identifier "epindex" is undefined
..\User\EEPROM.c:         epindex+=2;
..\User\EEPROM.c:         ^
..\User\EEPROM.c(13): error:  #166: invalid floating constant
..\User\EEPROM.c:     I2cWrite(1eepindex,add_slave,ee);
..\User\EEPROM.c:                ^
..\User\EEPROM.c(13): error:  #165: too few arguments in function call
..\User\EEPROM.c:     I2cWrite(1eepindex,add_slave,ee);
..\User\EEPROM.c:                ^
..\User\EEPROM.c(13): error:  #18: expected a ")"
..\User\EEPROM.c:     I2cWrite(1eepindex,add_slave,ee);
..\User\EEPROM.c:                ^
..\User\EEPROM.c(7): warning:  #550-D: variable "ee" was set but never used
..\User\EEPROM.c:       char ee[100];
..\User\EEPROM.c:            ^
..\User\EEPROM.c: ..\User\EEPROM.c: 1 warning, 4 errors
Target not created
Build target 'LPC2300'
assembling LPC2300.s...
compiling main.c...
compiling I2C.c...
compiling Delay.c...
compiling Serial.c...
compiling GPIO.c...
compiling EEPROM.c...
..\User\EEPROM.c(12): error:  #20: identifier "epindex" is undefined
..\User\EEPROM.c:         epindex+=2;
..\User\EEPROM.c:         ^
..\User\EEPROM.c: ..\User\EEPROM.c: 0 warnings, 1 error
Target not created
Build target 'LPC2300'
assembling LPC2300.s...
compiling main.c...
compiling I2C.c...
compiling Delay.c...
compiling Serial.c...
compiling GPIO.c...
compiling EEPROM.c...
linking...
Program Size: Code=5036 RO-data=32 RW-data=52 ZI-data=3868  
FromELF: creating hex file...
".\Obj\I2c.axf" - 0 Error(s), 0 Warning(s).
Build target 'LPC2300'
assembling LPC2300.s...
compiling main.c...
compiling I2C.c...
compiling Delay.c...
compiling Serial.c...
compiling GPIO.c...
compiling EEPROM.c...
..\User\EEPROM.c(21): warning:  #940-D: missing return statement at end of non-void function "ReadEEPROM"
..\User\EEPROM.c:   }
..\User\EEPROM.c:   ^
..\User\EEPROM.c: ..\User\EEPROM.c: 1 warning, 0 errors
linking...
Program Size: Code=5044 RO-data=32 RW-data=52 ZI-data=3868  
FromELF: creating hex file...
".\Obj\I2c.axf" - 0 Error(s), 1 Warning(s).
Build target 'LPC2300'
assembling LPC2300.s...
compiling main.c...
compiling I2C.c...
compiling Delay.c...
compiling Serial.c...
compiling GPIO.c...
compiling EEPROM.c...
..\User\EEPROM.c(21): warning:  #940-D: missing return statement at end of non-void function "ReadEEPROM"
..\User\EEPROM.c:   }
..\User\EEPROM.c:   ^
..\User\EEPROM.c: ..\User\EEPROM.c: 1 warning, 0 errors
linking...
Program Size: Code=5044 RO-data=32 RW-data=36 ZI-data=3868  
FromELF: creating hex file...
".\Obj\I2c.axf" - 0 Error(s), 1 Warning(s).
Build target 'LPC2300'
assembling LPC2300.s...
compiling main.c...
compiling I2C.c...
compiling Delay.c...
compiling Serial.c...
compiling GPIO.c...
compiling EEPROM.c...
..\User\EEPROM.c(17): error:  #20: identifier "arry2" is undefined
..\User\EEPROM.c:       I2cWrite(2,0xA0,arry2);
..\User\EEPROM.c:                       ^
..\User\EEPROM.c: ..\User\EEPROM.c: 0 warnings, 1 error
Target not created
Build target 'LPC2300'
assembling LPC2300.s...
compiling main.c...
compiling I2C.c...
compiling Delay.c...
compiling Serial.c...
compiling GPIO.c...
compiling EEPROM.c...
linking...
Program Size: Code=5088 RO-data=32 RW-data=36 ZI-data=3868  
FromELF: creating hex file...
".\Obj\I2c.axf" - 0 Error(s), 0 Warning(s).
Build target 'LPC2300'
assembling LPC2300.s...
compiling main.c...
..\User\main.c(29): error:  #167: argument of type "char *" is incompatible with parameter of type "char"
..\User\main.c:         SerialPrint(0,ReadEEPROM (add1 ,0xA0,16));
..\User\main.c:                                   ^
..\User\main.c(29): error:  #167: argument of type "int" is incompatible with parameter of type "char *"
..\User\main.c:         SerialPrint(0,ReadEEPROM (add1 ,0xA0,16));
..\User\main.c:                                         ^
..\User\main.c: ..\User\main.c: 0 warnings, 2 errors
compiling I2C.c...
compiling Delay.c...
compiling Serial.c...
compiling GPIO.c...
compiling EEPROM.c...
Target not created
Build target 'LPC2300'
assembling LPC2300.s...
compiling main.c...
compiling I2C.c...
compiling Delay.c...
compiling Serial.c...
compiling GPIO.c...
compiling EEPROM.c...
linking...
Program Size: Code=5120 RO-data=32 RW-data=36 ZI-data=3868  
FromELF: creating hex file...
".\Obj\I2c.axf" - 0 Error(s), 0 Warning(s).
Build target 'LPC2300'
assembling LPC2300.s...
compiling main.c...
compiling I2C.c...
compiling Delay.c...
compiling Serial.c...
compiling GPIO.c...
compiling EEPROM.c...
linking...
Program Size: Code=5092 RO-data=32 RW-data=36 ZI-data=3868  
FromELF: creating hex file...
".\Obj\I2c.axf" - 0 Error(s), 0 Warning(s).
Build target 'LPC2300'
assembling LPC2300.s...
compiling main.c...
compiling I2C.c...
compiling Delay.c...
compiling Serial.c...
compiling GPIO.c...
compiling EEPROM.c...
linking...
Program Size: Code=5064 RO-data=32 RW-data=24 ZI-data=3872  
FromELF: creating hex file...
".\Obj\I2c.axf" - 0 Error(s), 0 Warning(s).
Build target 'LPC2300'
assembling LPC2300.s...
compiling main.c...
compiling I2C.c...
compiling Delay.c...
compiling Serial.c...
compiling GPIO.c...
compiling EEPROM.c...
linking...
Program Size: Code=5124 RO-data=32 RW-data=24 ZI-data=3872  
FromELF: creating hex file...
".\Obj\I2c.axf" - 0 Error(s), 0 Warning(s).
Build target 'LPC2300'
assembling LPC2300.s...
compiling main.c...
compiling I2C.c...
compiling Delay.c...
compiling Serial.c...
compiling GPIO.c...
compiling EEPROM.c...
linking...
Program Size: Code=5128 RO-data=32 RW-data=24 ZI-data=3872  
FromELF: creating hex file...
".\Obj\I2c.axf" - 0 Error(s), 0 Warning(s).
Build target 'LPC2300'
assembling LPC2300.s...
compiling main.c...
compiling I2C.c...
compiling Delay.c...
compiling Serial.c...
compiling GPIO.c...
compiling EEPROM.c...
linking...
Program Size: Code=5120 RO-data=32 RW-data=24 ZI-data=3872  
FromELF: creating hex file...
".\Obj\I2c.axf" - 0 Error(s), 0 Warning(s).
Build target 'LPC2300'
assembling LPC2300.s...
compiling main.c...
compiling I2C.c...
compiling Delay.c...
compiling Serial.c...
compiling GPIO.c...
compiling EEPROM.c...
linking...
Program Size: Code=5152 RO-data=32 RW-data=24 ZI-data=3872  
FromELF: creating hex file...
".\Obj\I2c.axf" - 0 Error(s), 0 Warning(s).
Build target 'LPC2300'
assembling LPC2300.s...
compiling main.c...
compiling I2C.c...
compiling Delay.c...
compiling Serial.c...
compiling GPIO.c...
compiling EEPROM.c...
linking...
Program Size: Code=5160 RO-data=32 RW-data=24 ZI-data=3872  
FromELF: creating hex file...
".\Obj\I2c.axf" - 0 Error(s), 0 Warning(s).
Build target 'LPC2300'
assembling LPC2300.s...
compiling main.c...
compiling I2C.c...
compiling Delay.c...
compiling Serial.c...
compiling GPIO.c...
compiling EEPROM.c...
linking...
Program Size: Code=5160 RO-data=32 RW-data=24 ZI-data=3872  
FromELF: creating hex file...
".\Obj\I2c.axf" - 0 Error(s), 0 Warning(s).
Clean started: Project: 'I2c'
   deleting intermediate output files for target 'LPC2300'
Clean started: Project: 'I2c'
   deleting intermediate output files for target 'LPC2300'
